// Jest Snapshot v1, https://goo.gl/fbAQLP

exports[`PokemonPage Component should match with snapshot 1`] = `
<h1>
  <pokemon-loader-stub></pokemon-loader-stub>
</h1>
`;

exports[`PokemonPage Component should match with snapshot when load all pokemons 1`] = `
<div>
  <h1>Who is that pokemon?</h1>
  <pokemon-picture-stub pokemonid="1" showpokemon="false"></pokemon-picture-stub>
  <pokemon-options-stub pokemons="[object Object],[object Object],[object Object],[object Object]" optioncolor=""></pokemon-options-stub>
  <!--v-if-->
</div>
`;
